Logging full run output to: logs\ablation_run_20260910_235231.log

================================================================================
XGBoost -- full
================================================================================
Features used: 155

XGBoost test metrics (full)
AUC: 0.8156
Log loss: 0.5141
Accuracy: 0.7228
Brier score: 0.1743
Rows: 59218

Test metrics by minute bucket (full)
1-5 | rows: 9600 | auc: 0.6281 | log_loss: 0.667 | accuracy: 0.5882 | brier: 0.2373
6-10 | rows: 9600 | auc: 0.7323 | log_loss: 0.6041 | accuracy: 0.6635 | brier: 0.2089
11-15 | rows: 9600 | auc: 0.8218 | log_loss: 0.5167 | accuracy: 0.7392 | brier: 0.1726
16-20 | rows: 9060 | auc: 0.8613 | log_loss: 0.4621 | accuracy: 0.7719 | brier: 0.1523
21-25 | rows: 8232 | auc: 0.9052 | log_loss: 0.3886 | accuracy: 0.8158 | brier: 0.1256
26-30 | rows: 5937 | auc: 0.9086 | log_loss: 0.3822 | accuracy: 0.8267 | brier: 0.1224
31-45 | rows: 4771 | auc: 0.8673 | log_loss: 0.4532 | accuracy: 0.7726 | brier: 0.1499

================================================================================
XGBoost -- no_economy
================================================================================
Features used: 121

XGBoost test metrics (no_economy)
AUC: 0.8073
Log loss: 0.5239
Accuracy: 0.7171
Brier score: 0.1781
Rows: 59218

Test metrics by minute bucket (no_economy)
1-5 | rows: 9600 | auc: 0.6302 | log_loss: 0.667 | accuracy: 0.5884 | brier: 0.2373
6-10 | rows: 9600 | auc: 0.7283 | log_loss: 0.6066 | accuracy: 0.6623 | brier: 0.2101
11-15 | rows: 9600 | auc: 0.815 | log_loss: 0.5232 | accuracy: 0.7339 | brier: 0.1757
16-20 | rows: 9060 | auc: 0.8529 | log_loss: 0.4741 | accuracy: 0.765 | brier: 0.1568
21-25 | rows: 8232 | auc: 0.8965 | log_loss: 0.4042 | accuracy: 0.8062 | brier: 0.1313
26-30 | rows: 5937 | auc: 0.8979 | log_loss: 0.4022 | accuracy: 0.8142 | brier: 0.1297
31-45 | rows: 4771 | auc: 0.8487 | log_loss: 0.4794 | accuracy: 0.7596 | brier: 0.1604

================================================================================
XGBoost -- no_objectives
================================================================================
Features used: 141

XGBoost test metrics (no_objectives)
AUC: 0.809
Log loss: 0.5228
Accuracy: 0.718
Brier score: 0.1774
Rows: 59218

Test metrics by minute bucket (no_objectives)
1-5 | rows: 9600 | auc: 0.6276 | log_loss: 0.6672 | accuracy: 0.5871 | brier: 0.2374
6-10 | rows: 9600 | auc: 0.7299 | log_loss: 0.6055 | accuracy: 0.6575 | brier: 0.2096
11-15 | rows: 9600 | auc: 0.8179 | log_loss: 0.5212 | accuracy: 0.7362 | brier: 0.1746
16-20 | rows: 9060 | auc: 0.8543 | log_loss: 0.4727 | accuracy: 0.7685 | brier: 0.1561
21-25 | rows: 8232 | auc: 0.8975 | log_loss: 0.4033 | accuracy: 0.8092 | brier: 0.1306
26-30 | rows: 5937 | auc: 0.8997 | log_loss: 0.3995 | accuracy: 0.8181 | brier: 0.1286
31-45 | rows: 4771 | auc: 0.8515 | log_loss: 0.4779 | accuracy: 0.7611 | brier: 0.1588

================================================================================
XGBoost -- no_structures
================================================================================
Features used: 149

XGBoost test metrics (no_structures)
AUC: 0.8157
Log loss: 0.5143
Accuracy: 0.7231
Brier score: 0.1743
Rows: 59218

Test metrics by minute bucket (no_structures)
1-5 | rows: 9600 | auc: 0.6286 | log_loss: 0.667 | accuracy: 0.5884 | brier: 0.2373
6-10 | rows: 9600 | auc: 0.7325 | log_loss: 0.6042 | accuracy: 0.6634 | brier: 0.2089
11-15 | rows: 9600 | auc: 0.8218 | log_loss: 0.517 | accuracy: 0.7395 | brier: 0.1727
16-20 | rows: 9060 | auc: 0.8614 | log_loss: 0.4621 | accuracy: 0.7721 | brier: 0.1523
21-25 | rows: 8232 | auc: 0.9055 | log_loss: 0.3884 | accuracy: 0.8168 | brier: 0.1254
26-30 | rows: 5937 | auc: 0.9088 | log_loss: 0.3822 | accuracy: 0.8274 | brier: 0.1223
31-45 | rows: 4771 | auc: 0.8665 | log_loss: 0.4544 | accuracy: 0.7722 | brier: 0.1501

================================================================================
XGBoost -- no_epic_monsters
================================================================================
Features used: 147

XGBoost test metrics (no_epic_monsters)
AUC: 0.8091
Log loss: 0.5225
Accuracy: 0.7174
Brier score: 0.1773
Rows: 59218

Test metrics by minute bucket (no_epic_monsters)
1-5 | rows: 9600 | auc: 0.6273 | log_loss: 0.6674 | accuracy: 0.5842 | brier: 0.2375
6-10 | rows: 9600 | auc: 0.73 | log_loss: 0.6057 | accuracy: 0.6558 | brier: 0.2096
11-15 | rows: 9600 | auc: 0.8178 | log_loss: 0.5219 | accuracy: 0.7362 | brier: 0.1747
16-20 | rows: 9060 | auc: 0.8541 | log_loss: 0.4731 | accuracy: 0.7681 | brier: 0.1563
21-25 | rows: 8232 | auc: 0.897 | log_loss: 0.404 | accuracy: 0.8096 | brier: 0.1309
26-30 | rows: 5937 | auc: 0.8997 | log_loss: 0.3994 | accuracy: 0.8169 | brier: 0.1287
31-45 | rows: 4771 | auc: 0.8545 | log_loss: 0.4723 | accuracy: 0.7642 | brier: 0.157

================================================================================
LogisticRegression -- full
================================================================================
Features used: 155
C:\Users\Jonathan Zhao\AppData\Local\Programs\Python\Python312\Lib\site-packages\sklearn\linear_model\_logistic.py:1135: FutureWarning: 'penalty' was deprecated in version 1.8 and will be removed in 1.10. To avoid this warning, leave 'penalty' set to its default value and use 'l1_ratio' or 'C' instead. Use l1_ratio=0 instead of penalty='l2', l1_ratio=1 instead of penalty='l1', and C=np.inf instead of penalty=None.
  warnings.warn(
C:\Users\Jonathan Zhao\AppData\Local\Programs\Python\Python312\Lib\site-packages\sklearn\linear_model\_logistic.py:1184: FutureWarning: 'n_jobs' has no effect since 1.8 and will be removed in 1.10. You provided 'n_jobs=-1', please leave it unspecified.
  warnings.warn(msg, category=FutureWarning)

LogisticRegression test metrics (full)
AUC: 0.8173
Log loss: 0.5108
Accuracy: 0.724
Brier score: 0.1734
Rows: 59218

Test metrics by minute bucket (full)
1-5 | rows: 9600 | auc: 0.623 | log_loss: 0.6687 | accuracy: 0.5835 | brier: 0.2381
6-10 | rows: 9600 | auc: 0.7297 | log_loss: 0.6052 | accuracy: 0.6624 | brier: 0.2096
11-15 | rows: 9600 | auc: 0.8225 | log_loss: 0.5138 | accuracy: 0.74 | brier: 0.1721
16-20 | rows: 9060 | auc: 0.8625 | log_loss: 0.4596 | accuracy: 0.7715 | brier: 0.1515
21-25 | rows: 8232 | auc: 0.9051 | log_loss: 0.3866 | accuracy: 0.8167 | brier: 0.1254
26-30 | rows: 5937 | auc: 0.909 | log_loss: 0.3798 | accuracy: 0.8243 | brier: 0.1224
31-45 | rows: 4771 | auc: 0.8814 | log_loss: 0.4309 | accuracy: 0.7935 | brier: 0.1415

================================================================================
LogisticRegression -- no_economy
================================================================================
Features used: 121
C:\Users\Jonathan Zhao\AppData\Local\Programs\Python\Python312\Lib\site-packages\sklearn\linear_model\_logistic.py:1135: FutureWarning: 'penalty' was deprecated in version 1.8 and will be removed in 1.10. To avoid this warning, leave 'penalty' set to its default value and use 'l1_ratio' or 'C' instead. Use l1_ratio=0 instead of penalty='l2', l1_ratio=1 instead of penalty='l1', and C=np.inf instead of penalty=None.
  warnings.warn(
C:\Users\Jonathan Zhao\AppData\Local\Programs\Python\Python312\Lib\site-packages\sklearn\linear_model\_logistic.py:1184: FutureWarning: 'n_jobs' has no effect since 1.8 and will be removed in 1.10. You provided 'n_jobs=-1', please leave it unspecified.
  warnings.warn(msg, category=FutureWarning)

LogisticRegression test metrics (no_economy)
AUC: 0.8113
Log loss: 0.5185
Accuracy: 0.7203
Brier score: 0.1762
Rows: 59218

Test metrics by minute bucket (no_economy)
1-5 | rows: 9600 | auc: 0.6233 | log_loss: 0.6708 | accuracy: 0.5856 | brier: 0.2391
6-10 | rows: 9600 | auc: 0.7239 | log_loss: 0.6107 | accuracy: 0.6594 | brier: 0.2118
11-15 | rows: 9600 | auc: 0.8177 | log_loss: 0.5204 | accuracy: 0.7335 | brier: 0.1746
16-20 | rows: 9060 | auc: 0.8573 | log_loss: 0.4673 | accuracy: 0.7674 | brier: 0.1546
21-25 | rows: 8232 | auc: 0.8999 | log_loss: 0.3969 | accuracy: 0.8117 | brier: 0.1288
26-30 | rows: 5937 | auc: 0.9025 | log_loss: 0.3931 | accuracy: 0.8213 | brier: 0.1268
31-45 | rows: 4771 | auc: 0.8721 | log_loss: 0.4508 | accuracy: 0.7831 | brier: 0.1483

================================================================================
LogisticRegression -- no_objectives
================================================================================
Features used: 141
C:\Users\Jonathan Zhao\AppData\Local\Programs\Python\Python312\Lib\site-packages\sklearn\linear_model\_logistic.py:1135: FutureWarning: 'penalty' was deprecated in version 1.8 and will be removed in 1.10. To avoid this warning, leave 'penalty' set to its default value and use 'l1_ratio' or 'C' instead. Use l1_ratio=0 instead of penalty='l2', l1_ratio=1 instead of penalty='l1', and C=np.inf instead of penalty=None.
  warnings.warn(
C:\Users\Jonathan Zhao\AppData\Local\Programs\Python\Python312\Lib\site-packages\sklearn\linear_model\_logistic.py:1184: FutureWarning: 'n_jobs' has no effect since 1.8 and will be removed in 1.10. You provided 'n_jobs=-1', please leave it unspecified.
  warnings.warn(msg, category=FutureWarning)

LogisticRegression test metrics (no_objectives)
AUC: 0.8114
Log loss: 0.5189
Accuracy: 0.7193
Brier score: 0.1762
Rows: 59218

Test metrics by minute bucket (no_objectives)
1-5 | rows: 9600 | auc: 0.6234 | log_loss: 0.6685 | accuracy: 0.5836 | brier: 0.238
6-10 | rows: 9600 | auc: 0.7276 | log_loss: 0.6073 | accuracy: 0.6567 | brier: 0.2105
11-15 | rows: 9600 | auc: 0.8178 | log_loss: 0.5197 | accuracy: 0.735 | brier: 0.1744
16-20 | rows: 9060 | auc: 0.8553 | log_loss: 0.4702 | accuracy: 0.768 | brier: 0.1553
21-25 | rows: 8232 | auc: 0.8984 | log_loss: 0.3998 | accuracy: 0.815 | brier: 0.1295
26-30 | rows: 5937 | auc: 0.9002 | log_loss: 0.397 | accuracy: 0.8119 | brier: 0.1286
31-45 | rows: 4771 | auc: 0.8699 | log_loss: 0.4496 | accuracy: 0.7829 | brier: 0.148

================================================================================
LogisticRegression -- no_structures
================================================================================
Features used: 149
C:\Users\Jonathan Zhao\AppData\Local\Programs\Python\Python312\Lib\site-packages\sklearn\linear_model\_logistic.py:1135: FutureWarning: 'penalty' was deprecated in version 1.8 and will be removed in 1.10. To avoid this warning, leave 'penalty' set to its default value and use 'l1_ratio' or 'C' instead. Use l1_ratio=0 instead of penalty='l2', l1_ratio=1 instead of penalty='l1', and C=np.inf instead of penalty=None.
  warnings.warn(
C:\Users\Jonathan Zhao\AppData\Local\Programs\Python\Python312\Lib\site-packages\sklearn\linear_model\_logistic.py:1184: FutureWarning: 'n_jobs' has no effect since 1.8 and will be removed in 1.10. You provided 'n_jobs=-1', please leave it unspecified.
  warnings.warn(msg, category=FutureWarning)

LogisticRegression test metrics (no_structures)
AUC: 0.8173
Log loss: 0.5109
Accuracy: 0.7238
Brier score: 0.1734
Rows: 59218

Test metrics by minute bucket (no_structures)
1-5 | rows: 9600 | auc: 0.6231 | log_loss: 0.6687 | accuracy: 0.5824 | brier: 0.2381
6-10 | rows: 9600 | auc: 0.7298 | log_loss: 0.6051 | accuracy: 0.6627 | brier: 0.2095
11-15 | rows: 9600 | auc: 0.8226 | log_loss: 0.5138 | accuracy: 0.7404 | brier: 0.172
16-20 | rows: 9060 | auc: 0.8628 | log_loss: 0.4589 | accuracy: 0.7713 | brier: 0.1514
21-25 | rows: 8232 | auc: 0.9057 | log_loss: 0.3854 | accuracy: 0.8161 | brier: 0.125
26-30 | rows: 5937 | auc: 0.9088 | log_loss: 0.3802 | accuracy: 0.8255 | brier: 0.1225
31-45 | rows: 4771 | auc: 0.8787 | log_loss: 0.4347 | accuracy: 0.7912 | brier: 0.1428

================================================================================
LogisticRegression -- no_epic_monsters
================================================================================
Features used: 147
C:\Users\Jonathan Zhao\AppData\Local\Programs\Python\Python312\Lib\site-packages\sklearn\linear_model\_logistic.py:1135: FutureWarning: 'penalty' was deprecated in version 1.8 and will be removed in 1.10. To avoid this warning, leave 'penalty' set to its default value and use 'l1_ratio' or 'C' instead. Use l1_ratio=0 instead of penalty='l2', l1_ratio=1 instead of penalty='l1', and C=np.inf instead of penalty=None.
  warnings.warn(
C:\Users\Jonathan Zhao\AppData\Local\Programs\Python\Python312\Lib\site-packages\sklearn\linear_model\_logistic.py:1184: FutureWarning: 'n_jobs' has no effect since 1.8 and will be removed in 1.10. You provided 'n_jobs=-1', please leave it unspecified.
  warnings.warn(msg, category=FutureWarning)

LogisticRegression test metrics (no_epic_monsters)
AUC: 0.8113
Log loss: 0.5188
Accuracy: 0.7198
Brier score: 0.1762
Rows: 59218

Test metrics by minute bucket (no_epic_monsters)
1-5 | rows: 9600 | auc: 0.623 | log_loss: 0.6685 | accuracy: 0.5842 | brier: 0.238
6-10 | rows: 9600 | auc: 0.7274 | log_loss: 0.6075 | accuracy: 0.6566 | brier: 0.2105
11-15 | rows: 9600 | auc: 0.8176 | log_loss: 0.5198 | accuracy: 0.7354 | brier: 0.1745
16-20 | rows: 9060 | auc: 0.8551 | log_loss: 0.4709 | accuracy: 0.768 | brier: 0.1554
21-25 | rows: 8232 | auc: 0.8978 | log_loss: 0.4008 | accuracy: 0.8144 | brier: 0.1298
26-30 | rows: 5937 | auc: 0.9003 | log_loss: 0.3963 | accuracy: 0.8127 | brier: 0.1287
31-45 | rows: 4771 | auc: 0.8728 | log_loss: 0.446 | accuracy: 0.7883 | brier: 0.1467

Saved: results\ablation_results.csv

================================================================================
ABLATION SUMMARY: full feature set vs. gold/XP/level removed vs. objectives removed
================================================================================

XGBoost:
  Baseline accuracy (majority class): 0.5113
  Full features     (155 feats): AUC=0.8156  log_loss=0.5141  accuracy=0.7228  brier=0.1743
  no_economy        (121 feats): AUC=0.8073  log_loss=0.5239  accuracy=0.7171  brier=0.1781
    AUC retained without gold/XP/level: 99.0%  (gap: 0.0083)
  no_objectives     (141 feats): AUC=0.8090  log_loss=0.5228  accuracy=0.7180  brier=0.1774
    AUC retained without objectives/towers: 99.2%  (gap: 0.0066)
  no_structures     (149 feats): AUC=0.8157  log_loss=0.5143  accuracy=0.7231  brier=0.1743
    AUC retained without towers/plates: 100.0%  (gap: -0.0001)
  no_epic_monsters  (147 feats): AUC=0.8091  log_loss=0.5225  accuracy=0.7174  brier=0.1773
    AUC retained without dragons/heralds/barons/elders: 99.2%  (gap: 0.0065)

LogisticRegression:
  Baseline accuracy (majority class): 0.5113
  Full features     (155 feats): AUC=0.8173  log_loss=0.5108  accuracy=0.7240  brier=0.1734
  no_economy        (121 feats): AUC=0.8113  log_loss=0.5185  accuracy=0.7203  brier=0.1762
    AUC retained without gold/XP/level: 99.3%  (gap: 0.0060)
  no_objectives     (141 feats): AUC=0.8114  log_loss=0.5189  accuracy=0.7193  brier=0.1762
    AUC retained without objectives/towers: 99.3%  (gap: 0.0059)
  no_structures     (149 feats): AUC=0.8173  log_loss=0.5109  accuracy=0.7238  brier=0.1734
    AUC retained without towers/plates: 100.0%  (gap: 0.0000)
  no_epic_monsters  (147 feats): AUC=0.8113  log_loss=0.5188  accuracy=0.7198  brier=0.1762
    AUC retained without dragons/heralds/barons/elders: 99.3%  (gap: 0.0060)

================================================================================
BOOTSTRAP CONFIDENCE INTERVALS (match-level, n_boot=2000)
================================================================================

XGBoost -- AUC gap from removing gold/XP/level: 0.0082  (95% CI [0.0046, 0.0120], n_boot=2000)

XGBoost -- AUC gap from removing objectives/towers: 0.0065  (95% CI [0.0032, 0.0100], n_boot=2000)

XGBoost -- no_objectives AUC gap by game closeness (|team_total_gold_diff|):
  close    | rows:  19747 | median |gold diff|:    292.0 | auc_full: 0.6007 | auc_ablated: 0.5869 | gap: 0.0138 | retained: 97.7%
  medium   | rows:  19727 | median |gold diff|:   1798.0 | auc_full: 0.7552 | auc_ablated: 0.7431 | gap: 0.0122 | retained: 98.4%
  blowout  | rows:  19737 | median |gold diff|:   5855.0 | auc_full: 0.9510 | auc_ablated: 0.9452 | gap: 0.0058 | retained: 99.4%

XGBoost -- AUC gap from removing towers/plates: -0.0001  (95% CI [-0.0004, 0.0002], n_boot=2000)

XGBoost -- no_structures AUC gap by game closeness (|team_total_gold_diff|):
  close    | rows:  19747 | median |gold diff|:    292.0 | auc_full: 0.6007 | auc_ablated: 0.6015 | gap: -0.0008 | retained: 100.1%
  medium   | rows:  19727 | median |gold diff|:   1798.0 | auc_full: 0.7552 | auc_ablated: 0.7556 | gap: -0.0003 | retained: 100.0%
  blowout  | rows:  19737 | median |gold diff|:   5855.0 | auc_full: 0.9510 | auc_ablated: 0.9508 | gap: 0.0002 | retained: 100.0%

XGBoost -- AUC gap from removing dragons/heralds/barons/elders: 0.0065  (95% CI [0.0031, 0.0098], n_boot=2000)

LogisticRegression -- AUC gap from removing gold/XP/level: 0.0060  (95% CI [0.0032, 0.0088], n_boot=2000)

LogisticRegression -- AUC gap from removing objectives/towers: 0.0058  (95% CI [0.0014, 0.0102], n_boot=2000)

LogisticRegression -- no_objectives AUC gap by game closeness (|team_total_gold_diff|):
  close    | rows:  19747 | median |gold diff|:    292.0 | auc_full: 0.6013 | auc_ablated: 0.5906 | gap: 0.0107 | retained: 98.2%
  medium   | rows:  19727 | median |gold diff|:   1798.0 | auc_full: 0.7570 | auc_ablated: 0.7448 | gap: 0.0122 | retained: 98.4%
  blowout  | rows:  19737 | median |gold diff|:   5855.0 | auc_full: 0.9528 | auc_ablated: 0.9476 | gap: 0.0052 | retained: 99.5%

LogisticRegression -- AUC gap from removing towers/plates: 0.0000  (95% CI [-0.0008, 0.0008], n_boot=2000)

LogisticRegression -- no_structures AUC gap by game closeness (|team_total_gold_diff|):
  close    | rows:  19747 | median |gold diff|:    292.0 | auc_full: 0.6013 | auc_ablated: 0.6011 | gap: 0.0002 | retained: 100.0%
  medium   | rows:  19727 | median |gold diff|:   1798.0 | auc_full: 0.7570 | auc_ablated: 0.7571 | gap: -0.0001 | retained: 100.0%
  blowout  | rows:  19737 | median |gold diff|:   5855.0 | auc_full: 0.9528 | auc_ablated: 0.9525 | gap: 0.0003 | retained: 100.0%

LogisticRegression -- AUC gap from removing dragons/heralds/barons/elders: 0.0060  (95% CI [0.0017, 0.0101], n_boot=2000)

Saved: results\ablation_bootstrap_cis.csv
Saved: results\ablation_closeness_breakdown.csv
